// Jest Snapshot v1, https://goo.gl/fbAQLP

exports[`should HW14Pokemon 1`] = `
<div>
  <div>
    <h2>
      順利抓取 100 隻寶可夢的名字與圖片
    </h2>
    <h2>
      可以依名字篩選出寶可夢
    </h2>
    <span>
      <b>
        keyword
      </b>
    </span>
    <input
      placeholder="name..."
      type="text"
      value=""
    />
  </div>
</div>
`;
