// Jest Snapshot v1, https://goo.gl/fbAQLP

exports[`should  1`] = `
<div>
  <div>
    <h1
      data-testid="isQ"
    >
      -
    </h1>
    <h1
      data-testid="count"
    >
      分數 : 
      0
    </h1>
    <h2>
      出現Q按Q
    </h2>
    <input
      data-testid="input"
      type="text"
      value=""
    />
  </div>
</div>
`;

exports[`should  2`] = `
<div>
  <div>
    <h1
      data-testid="isQ"
    >
      Q
    </h1>
    <h1
      data-testid="count"
    >
      分數 : 
      0
    </h1>
    <h2>
      出現Q按Q
    </h2>
    <input
      data-testid="input"
      type="text"
      value=""
    />
  </div>
</div>
`;
