// Jest Snapshot v1, https://goo.gl/fbAQLP

exports[`should less & clear 1`] = `
<div>
  <div>
    <div>
      <span>
        蘋果
      </span>
      <span>
        $
        20
      </span>
      <form>
        <input
          name="蘋果"
          placeholder="數量"
          type="number"
          value="0"
        />
        <button>
          加入購物車
        </button>
      </form>
    </div>
    <div>
      <span>
        橘子
      </span>
      <span>
        $
        25
      </span>
      <form>
        <input
          name="橘子"
          placeholder="數量"
          type="number"
          value="0"
        />
        <button>
          加入購物車
        </button>
      </form>
    </div>
    <div>
      <span>
        蓮霧
      </span>
      <span>
        $
        60
      </span>
      <form>
        <input
          name="蓮霧"
          placeholder="數量"
          type="number"
          value="0"
        />
        <button>
          加入購物車
        </button>
      </form>
    </div>
    <div>
      <span>
        葡萄柚
      </span>
      <span>
        $
        75
      </span>
      <form>
        <input
          name="葡萄柚"
          placeholder="數量"
          type="number"
          value="0"
        />
        <button>
          加入購物車
        </button>
      </form>
    </div>
    <div>
      <span>
        哈蜜瓜
      </span>
      <span>
        $
        100
      </span>
      <form>
        <input
          name="哈蜜瓜"
          placeholder="數量"
          type="number"
          value="0"
        />
        <button>
          加入購物車
        </button>
      </form>
    </div>
    <ul />
  </div>
</div>
`;
