// Jest Snapshot v1, https://goo.gl/fbAQLP

exports[`should  1`] = `
<div>
  <div>
    <br />
    <br />
    <br />
    <br />
    <br />
    <span
      class="tooltip-wrapper"
    >
      <button
        class="btn"
      >
        top
      </button>
      <div
        class="tooltip top"
      >
        我在上面
      </div>
    </span>
    <br />
    <br />
    <span
      class="tooltip-wrapper"
    >
      <button
        class="btn"
      >
        right
      </button>
      <div
        class="tooltip right"
      >
        我在右邊
      </div>
    </span>
    <br />
    <br />
    <span
      class="tooltip-wrapper"
    >
      <button
        class="btn"
      >
        left
      </button>
      <div
        class="tooltip left"
      >
        我在左邊
      </div>
    </span>
    <br />
    <br />
    <span
      class="tooltip-wrapper"
    >
      <button
        class="btn"
      >
        bottom
      </button>
      <div
        class="tooltip bottom"
      >
        我在下面
      </div>
    </span>
    <br />
    <br />
    <br />
    Lorem
    <span
      class="tooltip-wrapper"
    >
      <span
        style="color: red;"
      >
        ipsum
      </span>
      <div
        class="tooltip top"
      >
        我在上面
      </div>
    </span>
    dolor sit amet consectetur adipisicing elit. Temporibus nostrum atque similique voluptatum laborum soluta ad. Repellendus laborum ratione dignissimos aut quas necessitatibus ut officiis fuga quis odit, labore
    <span
      class="tooltip-wrapper"
    >
      <span
        style="color: red;"
      >
        vero.
      </span>
      <div
        class="tooltip bottom"
      >
        我在下面
      </div>
    </span>
  </div>
</div>
`;
