// Jest Snapshot v1, https://goo.gl/fbAQLP

exports[`should 160cm/60kg get 23 1`] = `
<div>
  <div>
    <h1>
      HW4Bmi
    </h1>
    <span>
      身高
    </span>
    <input
      name="cm"
      type="text"
    />
    <br />
    <span>
      體重
    </span>
    <input
      name="kg"
      type="text"
    />
    <br />
    <button>
      計算
    </button>
    BMI : 
    <span
      data-testid="bmi"
    />
  </div>
</div>
`;

exports[`should 185cm / 90kg get 26 1`] = `
<div>
  <div>
    <h1>
      HW4Bmi
    </h1>
    <span>
      身高
    </span>
    <input
      name="cm"
      type="text"
    />
    <br />
    <span>
      體重
    </span>
    <input
      name="kg"
      type="text"
    />
    <br />
    <button>
      計算
    </button>
    BMI : 
    <span
      data-testid="bmi"
    />
  </div>
</div>
`;

exports[`should HW4Bmi 1`] = `
<div>
  <div>
    <h1>
      HW4Bmi
    </h1>
    <span>
      身高
    </span>
    <input
      name="cm"
      type="text"
    />
    <br />
    <span>
      體重
    </span>
    <input
      name="kg"
      type="text"
    />
    <br />
    <button>
      計算
    </button>
    BMI : 
    <span
      data-testid="bmi"
    />
  </div>
</div>
`;
