// Jest Snapshot v1, https://goo.gl/fbAQLP

exports[`should HW7PersonTable 1`] = `
<div>
  <div>
    <h1>
      複習React & Hooks & Jest
    </h1>
    <button>
      抓取資料
    </button>
    <table>
      <thead>
        <tr>
          <th>
            照片
          </th>
          <th>
            姓名
          </th>
          <th>
            性別
          </th>
          <th>
            電子郵件
          </th>
          <th>
            年齡
          </th>
          <th>
            手機
          </th>
          <th>
            城市
          </th>
        </tr>
      </thead>
      <tbody />
    </table>
  </div>
</div>
`;

exports[`should upData personList 1`] = `
<div>
  <div>
    <h1>
      複習React & Hooks & Jest
    </h1>
    <button>
      抓取資料
    </button>
    <table>
      <thead>
        <tr>
          <th>
            照片
          </th>
          <th>
            姓名
          </th>
          <th>
            性別
          </th>
          <th>
            電子郵件
          </th>
          <th>
            年齡
          </th>
          <th>
            手機
          </th>
          <th>
            城市
          </th>
        </tr>
      </thead>
      <tbody />
    </table>
  </div>
</div>
`;
