// Jest Snapshot v1, https://goo.gl/fbAQLP

exports[`should HW7PersonTable 1`] = `
<div>
  <div>
    <h1>
      HW7PersonTable
    </h1>
    <button>
      抓資料
    </button>
    <table>
      <thead>
        <tr>
          <th>
            照片
          </th>
          <th>
            姓氏
          </th>
          <th>
            性別
          </th>
          <th>
            email
          </th>
          <th>
            年紀
          </th>
          <th>
            手機
          </th>
          <th>
            國家
          </th>
        </tr>
      </thead>
      <tbody />
    </table>
  </div>
</div>
`;

exports[`should upData personList 1`] = `
<div>
  <div>
    <h1>
      HW7PersonTable
    </h1>
    <button>
      抓資料
    </button>
    <table>
      <thead>
        <tr>
          <th>
            照片
          </th>
          <th>
            姓氏
          </th>
          <th>
            性別
          </th>
          <th>
            email
          </th>
          <th>
            年紀
          </th>
          <th>
            手機
          </th>
          <th>
            國家
          </th>
        </tr>
      </thead>
      <tbody />
    </table>
  </div>
</div>
`;
